⚾ <b>MLB — ANÁLISIS SABERMÉRICO Monday 25 de May, 2026</b>
📊 <b>Metodología v3.0 | 11 partidos analizados</b>

📡 <b>Fuentes:</b> statsapi.mlb.com · baseballsavant.mlb.com · the-odds-api.com

━━━━━━━━━━━━━━━━━━━━━━━━━━━━━━
⭐ <b>THE EDGE — TRÍADA DEL VALOR (0 partidos)</b>
━━━━━━━━━━━━━━━━━━━━━━━━━━━━━━

   ℹ️ Ningún partido cumple la Tríada del Valor hoy.
   (Prob > 55% + Mala suerte BaseRuns + Underdog en mercado)

━━━━━━━━━━━━━━━━━━━━━━━━━━━━━━
🎯 <b>APUESTAS RECOMENDADAS (7 de 11 partidos)</b>
━━━━━━━━━━━━━━━━━━━━━━━━━━━━━━
<i>Prob. sabermérica ≥ 53% · mayor a menor</i>

<b>1. Milwaukee Brewers</b>
   ⚾ St. Louis Cardinals @ Milwaukee Brewers
   📊 Prob: <b>56.2%</b> | Mercado: 63.0% | Edge +-6.8%
      🟡 [███████████░░░░░░░░░] 56.2%
   🎯 xERA: Liberatore=4.50 / Misiorowski=4.50
   ⚠️ Riesgo: Bullpen visitante fatigado (B-Ref 72h) | Bullpen local fatigado (B-Ref 72h)

<b>2. Cleveland Guardians</b>
   ⚾ Washington Nationals @ Cleveland Guardians
   📊 Prob: <b>56.1%</b> | Mercado: 57.5% | Edge +-1.4%
      🟡 [███████████░░░░░░░░░] 56.1%
   🎯 xERA: Poulin=4.50 / Bibee=4.50
   🌬 🌬️ Viento leve 6 km/h — impacto mínimo
   ⚠️ Riesgo: Bullpen visitante fatigado (B-Ref 72h) | Bullpen local fatigado (B-Ref 72h) | Opener visitante

<b>3. Philadelphia Phillies</b>
   ⚾ Philadelphia Phillies @ San Diego Padres
   📊 Prob: <b>55.9%</b> | Mercado: 49.2% | Edge +6.7%
      🟡 [███████████░░░░░░░░░] 55.9%
   🎯 xERA: Luzardo=4.50 / Canning=4.50
   🌬 🌬️ Viento leve 8 km/h — impacto mínimo
   ⚠️ Riesgo: Bullpen visitante fatigado (B-Ref 72h) | Bullpen local fatigado (B-Ref 72h)

<b>4. New York Mets</b>
   ⚾ Cincinnati Reds @ New York Mets
   📊 Prob: <b>55.5%</b> | Mercado: 50.5% | Edge +5.0%
      🟡 [███████████░░░░░░░░░] 55.5%
   🎯 xERA: Lodolo=4.50 / McLean=4.50
   🌬 🌬️ Viento leve 3 km/h — impacto mínimo
   ⚠️ Riesgo: Bullpen visitante fatigado (B-Ref 72h) | Bullpen local fatigado (B-Ref 72h)

<b>5. San Francisco Giants</b>
   ⚾ Arizona Diamondbacks @ San Francisco Giants
   📊 Prob: <b>55.5%</b> | Mercado: 52.1% | Edge +3.4%
      🟡 [███████████░░░░░░░░░] 55.5%
   🎯 xERA: Kelly=4.50 / Roupp=4.50
   🌬 🌬️ Viento 11 km/h — impacto leve
   ⚠️ Riesgo: Bullpen visitante fatigado (B-Ref 72h) | Bullpen local fatigado (B-Ref 72h)

<b>6. Texas Rangers</b>
   ⚾ Houston Astros @ Texas Rangers
   📊 Prob: <b>55.2%</b> | Mercado: 57.6% | Edge +-2.4%
      🟡 [███████████░░░░░░░░░] 55.2%
   🎯 xERA: Imai=4.50 / Rocker=4.50
   🌬 🌬️ Viento leve 5 km/h — impacto mínimo
   ⚠️ Riesgo: Bullpen visitante fatigado (B-Ref 72h) | Bullpen local fatigado (B-Ref 72h)

<b>7. Toronto Blue Jays</b>
   ⚾ Miami Marlins @ Toronto Blue Jays
   📊 Prob: <b>54.1%</b> | Mercado: 58.3% | Edge +-4.2%
      🟡 [██████████░░░░░░░░░░] 54.1%
   🎯 xERA: Junk=4.50 / Yesavage=4.50
   ⚠️ Riesgo: Bullpen visitante fatigado (B-Ref 72h) | Bullpen local fatigado (B-Ref 72h)

━━━━━━━━━━━━━━━━━━━━━━━━━━━━━━
📋 <b>SOLO INFORMATIVOS (4 partidos · prob < 53%)</b>
━━━━━━━━━━━━━━━━━━━━━━━━━━━━━━
<i>⚠️ Señal débil — no se recomienda apostar</i>

1. Chicago Cubs (52.3% | Mercado: 47.7%)
   ⚾ Chicago Cubs @ Pittsburgh Pirates

2. Minnesota Twins (52.1% | Mercado: 53.8%)
   ⚾ Minnesota Twins @ Chicago White Sox

3. Tampa Bay Rays (51.7% | Mercado: 52.6%)
   ⚾ Tampa Bay Rays @ Baltimore Orioles

4. New York Yankees (50.3% | Mercado: 67.1%)
   ⚾ New York Yankees @ Kansas City Royals


━━━━━━━━━━━━━━━━━━━━━━━━━━━━━━
📊 <b>RENDIMIENTO HISTÓRICO DEL BOT</b>
   Total predicciones: 25 | ✅ 10 | ❌ 15 | ⏳ 0
   📈 Win rate global: <b>40.0%</b>
   ⭐ Señales de Valor: 0/0 (0%)

   <b>Partidos de hoy (resultados al cierre):</b>
   ❌ New York Mets (60.53% · Mercado: 61.16%)
   ❌ Texas Rangers (58.59% · Mercado: 57.19%)

━━━━━━━━━━━━━━━━━━━━━━━━━━━━━━
⚠️ <i>Análisis académico. No es asesoría financiera.</i>